// Jest Snapshot v1, https://goo.gl/fbAQLP

exports[`App test... test 2 1`] = `
<RNCSafeAreaProvider
  onInsetsChange={[Function]}
  style={
    Array [
      Object {
        "flex": 1,
      },
      undefined,
    ]
  }
>
  <View
    dataSet={Object {}}
    style={
      Object {
        "backgroundColor": "#FFFFFF",
        "height": "100%",
        "paddingTop": 80,
        "width": "100%",
      }
    }
  >
    <View
      dataSet={Object {}}
      style={
        Object {
          "alignItems": "center",
          "justifyContent": "center",
        }
      }
    >
      <View
        dataSet={Object {}}
        style={Object {}}
      >
        <View
          dataSet={Object {}}
          style={Object {}}
        >
          <View
            dataSet={Object {}}
            isFocused={false}
            style={
              Object {
                "alignItems": "center",
                "borderBottomWidth": 1,
                "borderColor": "#d4d4d4",
                "borderRadius": 0,
                "borderWidth": 0,
                "flexDirection": "row",
                "height": 48,
                "overflow": "hidden",
                "width": 384,
              }
            }
          >
            <TextInput
              accessible={true}
              dataSet={Object {}}
              editable={true}
              onBlur={[Function]}
              onChangeText={[Function]}
              onFocus={[Function]}
              onKeyPress={[Function]}
              placeholder="이메일을 입력해주세요"
              placeholderTextColor="#a3a3a3"
              secureTextEntry={false}
              selectionColor="#1f2937"
              style={
                Object {
                  "backgroundColor": "transparent",
                  "color": "#171717",
                  "flex": 1,
                  "fontFamily": undefined,
                  "fontSize": 16,
                  "fontStyle": "normal",
                  "fontWeight": "400",
                  "paddingBottom": 8,
                  "paddingLeft": 0,
                  "paddingRight": 12,
                  "paddingTop": 8,
                  "width": "100%",
                }
              }
            />
          </View>
        </View>
        <View
          dataSet={Object {}}
          style={
            Object {
              "height": 24,
            }
          }
        />
        <View
          dataSet={Object {}}
          style={Object {}}
        >
          <View
            dataSet={Object {}}
            isFocused={false}
            style={
              Object {
                "alignItems": "center",
                "borderBottomWidth": 1,
                "borderColor": "#d4d4d4",
                "borderRadius": 0,
                "borderWidth": 0,
                "flexDirection": "row",
                "height": 48,
                "overflow": "hidden",
                "width": 384,
              }
            }
          >
            <TextInput
              accessible={true}
              dataSet={Object {}}
              editable={true}
              onBlur={[Function]}
              onChangeText={[Function]}
              onFocus={[Function]}
              onKeyPress={[Function]}
              placeholder="비밀번호를 입력해주세요"
              placeholderTextColor="#a3a3a3"
              secureTextEntry={true}
              selectionColor="#1f2937"
              style={
                Object {
                  "backgroundColor": "transparent",
                  "color": "#171717",
                  "flex": 1,
                  "fontFamily": undefined,
                  "fontSize": 16,
                  "fontStyle": "normal",
                  "fontWeight": "400",
                  "paddingBottom": 8,
                  "paddingLeft": 0,
                  "paddingRight": 12,
                  "paddingTop": 8,
                  "width": "100%",
                }
              }
            />
          </View>
        </View>
      </View>
      <View
        dataSet={Object {}}
        style={Object {}}
      />
      <View
        dataSet={Object {}}
        style={
          Object {
            "marginTop": 64,
          }
        }
      >
        <View
          accessibilityRole="button"
          accessible={true}
          collapsable={false}
          colorScheme="blue"
          dataSet={Object {}}
          focusable={true}
          onBlur={[Function]}
          onClick={[Function]}
          onFocus={[Function]}
          onResponderGrant={[Function]}
          onResponderMove={[Function]}
          onResponderRelease={[Function]}
          onResponderTerminate={[Function]}
          onResponderTerminationRequest={[Function]}
          onStartShouldSetResponder={[Function]}
          style={
            Object {
              "alignItems": "center",
              "backgroundColor": "#2563eb",
              "borderRadius": 4,
              "flexDirection": "row",
              "justifyContent": "center",
              "paddingBottom": 16,
              "paddingLeft": 16,
              "paddingRight": 16,
              "paddingTop": 16,
              "width": 384,
            }
          }
        >
          <View
            dataSet={Object {}}
            style={
              Object {
                "alignItems": "center",
                "flexDirection": "row",
              }
            }
            test={true}
          >
            <View
              dataSet={Object {}}
              style={Object {}}
            >
              <Text
                dataSet={Object {}}
                style={
                  Object {
                    "backgroundColor": undefined,
                    "color": "#FFFFFF",
                    "fontFamily": undefined,
                    "fontSize": 16,
                    "fontStyle": "normal",
                    "fontWeight": "400",
                    "letterSpacing": 0,
                    "lineHeight": 24,
                    "textDecorationLine": undefined,
                  }
                }
              >
                로그인
              </Text>
            </View>
          </View>
        </View>
        <View
          dataSet={Object {}}
          style={
            Object {
              "height": 20,
            }
          }
        />
        <View
          accessibilityRole="button"
          accessible={true}
          collapsable={false}
          colorScheme="primary"
          dataSet={Object {}}
          focusable={true}
          onBlur={[Function]}
          onClick={[Function]}
          onFocus={[Function]}
          onResponderGrant={[Function]}
          onResponderMove={[Function]}
          onResponderRelease={[Function]}
          onResponderTerminate={[Function]}
          onResponderTerminationRequest={[Function]}
          onStartShouldSetResponder={[Function]}
          style={
            Object {
              "alignItems": "center",
              "borderRadius": 4,
              "flexDirection": "row",
              "justifyContent": "center",
              "paddingBottom": 16,
              "paddingLeft": 16,
              "paddingRight": 16,
              "paddingTop": 16,
              "width": 384,
            }
          }
        >
          <View
            dataSet={Object {}}
            style={
              Object {
                "alignItems": "center",
                "flexDirection": "row",
              }
            }
            test={true}
          >
            <View
              dataSet={Object {}}
              style={Object {}}
            >
              <Text
                dataSet={Object {}}
                style={
                  Object {
                    "backgroundColor": undefined,
                    "color": "#000000",
                    "fontFamily": undefined,
                    "fontSize": 16,
                    "fontStyle": "normal",
                    "fontWeight": "400",
                    "letterSpacing": 0,
                    "lineHeight": 24,
                    "textDecorationLine": undefined,
                  }
                }
              >
                회원가입
              </Text>
            </View>
          </View>
        </View>
      </View>
      <View
        dataSet={Object {}}
        style={Object {}}
      />
      <View
        dataSet={Object {}}
        style={
          Object {
            "marginTop": 64,
          }
        }
      >
        <View
          accessibilityRole="button"
          accessible={true}
          collapsable={false}
          colorScheme="primary"
          dataSet={Object {}}
          focusable={true}
          onBlur={[Function]}
          onClick={[Function]}
          onFocus={[Function]}
          onResponderGrant={[Function]}
          onResponderMove={[Function]}
          onResponderRelease={[Function]}
          onResponderTerminate={[Function]}
          onResponderTerminationRequest={[Function]}
          onStartShouldSetResponder={[Function]}
          style={
            Object {
              "alignItems": "center",
              "backgroundColor": "#f5f5f4",
              "borderRadius": 4,
              "flexDirection": "row",
              "justifyContent": "center",
              "paddingBottom": 16,
              "paddingLeft": 16,
              "paddingRight": 16,
              "paddingTop": 16,
              "width": 384,
            }
          }
        >
          <View
            dataSet={Object {}}
            style={
              Object {
                "alignItems": "center",
                "flexDirection": "row",
              }
            }
            test={true}
          >
            <View
              dataSet={Object {}}
              style={Object {}}
            >
              <View
                dataSet={Object {}}
                style={
                  Object {
                    "alignItems": "center",
                    "flexDirection": "row",
                    "justifyContent": "space-between",
                    "paddingLeft": 16,
                    "paddingRight": 16,
                    "width": 384,
                  }
                }
              >
                <Text
                  allowFontScaling={false}
                  dataSet={Object {}}
                  selectable={false}
                  style={
                    Array [
                      Object {
                        "color": undefined,
                        "fontSize": 12,
                      },
                      Object {
                        "color": "#000000",
                        "fontSize": 20,
                        "height": 20,
                        "lineHeight": 20,
                        "width": 20,
                      },
                      Object {
                        "fontFamily": "Ionicons",
                        "fontStyle": "normal",
                        "fontWeight": "normal",
                      },
                      Object {},
                    ]
                  }
                >
                  
                </Text>
                <View
                  dataSet={Object {}}
                  style={Object {}}
                />
                <Text
                  dataSet={Object {}}
                  style={
                    Object {
                      "backgroundColor": undefined,
                      "color": "#171717",
                      "fontFamily": undefined,
                      "fontSize": 16,
                      "fontStyle": "normal",
                      "fontWeight": "400",
                      "letterSpacing": 0,
                      "lineHeight": 24,
                      "textDecorationLine": undefined,
                    }
                  }
                >
                  구글 아이디로 로그인
                </Text>
                <View
                  dataSet={Object {}}
                  style={Object {}}
                />
                <Text
                  allowFontScaling={false}
                  dataSet={Object {}}
                  selectable={false}
                  style={
                    Array [
                      Object {
                        "color": undefined,
                        "fontSize": 12,
                      },
                      Object {
                        "color": "#737373",
                        "fontSize": 20,
                        "height": 20,
                        "lineHeight": 20,
                        "width": 20,
                      },
                      Object {
                        "fontFamily": "Ionicons",
                        "fontStyle": "normal",
                        "fontWeight": "normal",
                      },
                      Object {},
                    ]
                  }
                >
                  
                </Text>
              </View>
            </View>
          </View>
        </View>
      </View>
    </View>
  </View>
</RNCSafeAreaProvider>
`;
